2025-05-09T02:12:26.357223Z 0 [Warning] [MY-011068] [Server] The syntax '--skip-host-cache' is deprecated and will be removed in a future release. Please use SET GLOBAL host_cache_size=0 instead.
2025-05-09T02:12:26.357258Z 0 [Warning] [MY-011069] [Server] The syntax '--character-set-client-handshake' is deprecated and will be removed in a future release.
2025-05-09T02:12:26.357495Z 0 [System] [MY-013169] [Server] /usr/sbin/mysqld (mysqld 8.0.42) initializing of server in progress as process 79
2025-05-09T02:12:26.361161Z 0 [ERROR] [MY-010457] [Server] --initialize specified but the data directory has files in it. Aborting.
2025-05-09T02:12:26.361272Z 0 [ERROR] [MY-013236] [Server] The designated data directory /var/lib/mysql/ is unusable. You can remove all files that the server added to it.
2025-05-09T02:12:26.361722Z 0 [ERROR] [MY-010119] [Server] Aborting
2025-05-09T02:12:26.361994Z 0 [System] [MY-010910] [Server] /usr/sbin/mysqld: Shutdown complete (mysqld 8.0.42)  MySQL Community Server - GPL.
2025-05-09T02:12:47.117667Z 0 [Warning] [MY-011068] [Server] The syntax '--skip-host-cache' is deprecated and will be removed in a future release. Please use SET GLOBAL host_cache_size=0 instead.
2025-05-09T02:12:47.117703Z 0 [Warning] [MY-011069] [Server] The syntax '--character-set-client-handshake' is deprecated and will be removed in a future release.
2025-05-09T02:12:47.117943Z 0 [System] [MY-013169] [Server] /usr/sbin/mysqld (mysqld 8.0.42) initializing of server in progress as process 79
2025-05-09T02:12:47.154517Z 1 [System] [MY-013576] [InnoDB] InnoDB initialization has started.
2025-05-09T02:12:48.784000Z 1 [System] [MY-013577] [InnoDB] InnoDB initialization has ended.
2025-05-09T02:12:52.317900Z 6 [Warning] [MY-010453] [Server] root@localhost is created with an empty password ! Please consider switching off the --initialize-insecure option.
2025-05-09T02:12:59.693181Z 0 [Warning] [MY-011068] [Server] The syntax '--skip-host-cache' is deprecated and will be removed in a future release. Please use SET GLOBAL host_cache_size=0 instead.
2025-05-09T02:12:59.693221Z 0 [Warning] [MY-011069] [Server] The syntax '--character-set-client-handshake' is deprecated and will be removed in a future release.
2025-05-09T02:12:59.703349Z 0 [System] [MY-010116] [Server] /usr/sbin/mysqld (mysqld 8.0.42) starting as process 121
2025-05-09T02:12:59.751536Z 1 [System] [MY-013576] [InnoDB] InnoDB initialization has started.
2025-05-09T02:13:00.446520Z 1 [System] [MY-013577] [InnoDB] InnoDB initialization has ended.
2025-05-09T02:13:01.022761Z 0 [Warning] [MY-010068] [Server] CA certificate ca.pem is self signed.
2025-05-09T02:13:01.022831Z 0 [System] [MY-013602] [Server] Channel mysql_main configured to support TLS. Encrypted connections are now supported for this channel.
2025-05-09T02:13:01.029394Z 0 [Warning] [MY-011810] [Server] Insecure configuration for --pid-file: Location '/var/run/mysqld' in the path is accessible to all OS users. Consider choosing a different directory.
2025-05-09T02:13:01.062388Z 0 [System] [MY-011323] [Server] X Plugin ready for connections. Socket: /var/run/mysqld/mysqlx.sock
2025-05-09T02:13:01.062499Z 0 [System] [MY-010931] [Server] /usr/sbin/mysqld: ready for connections. Version: '8.0.42'  socket: '/var/run/mysqld/mysqld.sock'  port: 0  MySQL Community Server - GPL.
2025-05-09T02:13:08.214371Z 14 [System] [MY-013172] [Server] Received SHUTDOWN from user root. Shutting down mysqld (Version: 8.0.42).
2025-05-09T02:13:10.442066Z 0 [System] [MY-010910] [Server] /usr/sbin/mysqld: Shutdown complete (mysqld 8.0.42)  MySQL Community Server - GPL.
2025-05-09T02:13:11.620407Z 0 [Warning] [MY-011068] [Server] The syntax '--skip-host-cache' is deprecated and will be removed in a future release. Please use SET GLOBAL host_cache_size=0 instead.
2025-05-09T02:13:11.620446Z 0 [Warning] [MY-011069] [Server] The syntax '--character-set-client-handshake' is deprecated and will be removed in a future release.
2025-05-09T02:13:11.623949Z 0 [System] [MY-010116] [Server] /usr/sbin/mysqld (mysqld 8.0.42) starting as process 1
2025-05-09T02:13:11.635252Z 1 [System] [MY-013576] [InnoDB] InnoDB initialization has started.
2025-05-09T02:13:12.154797Z 1 [System] [MY-013577] [InnoDB] InnoDB initialization has ended.
2025-05-09T02:13:12.539123Z 0 [Warning] [MY-010068] [Server] CA certificate ca.pem is self signed.
2025-05-09T02:13:12.539236Z 0 [System] [MY-013602] [Server] Channel mysql_main configured to support TLS. Encrypted connections are now supported for this channel.
2025-05-09T02:13:12.550072Z 0 [Warning] [MY-011810] [Server] Insecure configuration for --pid-file: Location '/var/run/mysqld' in the path is accessible to all OS users. Consider choosing a different directory.
2025-05-09T02:13:12.615132Z 0 [System] [MY-011323] [Server] X Plugin ready for connections. Bind-address: '::' port: 33060, socket: /var/run/mysqld/mysqlx.sock
2025-05-09T02:13:12.615551Z 0 [System] [MY-010931] [Server] /usr/sbin/mysqld: ready for connections. Version: '8.0.42'  socket: '/var/run/mysqld/mysqld.sock'  port: 3306  MySQL Community Server - GPL.
2025-05-12T04:13:37.335983Z 0 [System] [MY-013172] [Server] Received SHUTDOWN from user <via user signal>. Shutting down mysqld (Version: 8.0.42).
2025-05-12T04:13:38.632862Z 0 [System] [MY-010910] [Server] /usr/sbin/mysqld: Shutdown complete (mysqld 8.0.42)  MySQL Community Server - GPL.
2025-05-12T04:14:19.161942Z 0 [Warning] [MY-011068] [Server] The syntax '--skip-host-cache' is deprecated and will be removed in a future release. Please use SET GLOBAL host_cache_size=0 instead.
2025-05-12T04:14:19.161976Z 0 [Warning] [MY-011069] [Server] The syntax '--character-set-client-handshake' is deprecated and will be removed in a future release.
2025-05-12T04:14:19.162166Z 0 [System] [MY-013169] [Server] /usr/sbin/mysqld (mysqld 8.0.42) initializing of server in progress as process 79
2025-05-12T04:14:19.164490Z 0 [ERROR] [MY-010457] [Server] --initialize specified but the data directory has files in it. Aborting.
2025-05-12T04:14:19.164545Z 0 [ERROR] [MY-013236] [Server] The designated data directory /var/lib/mysql/ is unusable. You can remove all files that the server added to it.
2025-05-12T04:14:19.164633Z 0 [ERROR] [MY-010119] [Server] Aborting
2025-05-12T04:14:19.164860Z 0 [System] [MY-010910] [Server] /usr/sbin/mysqld: Shutdown complete (mysqld 8.0.42)  MySQL Community Server - GPL.
2025-05-12T04:14:21.657411Z 0 [Warning] [MY-011068] [Server] The syntax '--skip-host-cache' is deprecated and will be removed in a future release. Please use SET GLOBAL host_cache_size=0 instead.
2025-05-12T04:14:21.657445Z 0 [Warning] [MY-011069] [Server] The syntax '--character-set-client-handshake' is deprecated and will be removed in a future release.
2025-05-12T04:14:21.657663Z 0 [System] [MY-013169] [Server] /usr/sbin/mysqld (mysqld 8.0.42) initializing of server in progress as process 79
2025-05-12T04:14:21.660135Z 0 [ERROR] [MY-010457] [Server] --initialize specified but the data directory has files in it. Aborting.
2025-05-12T04:14:21.660228Z 0 [ERROR] [MY-013236] [Server] The designated data directory /var/lib/mysql/ is unusable. You can remove all files that the server added to it.
2025-05-12T04:14:21.660659Z 0 [ERROR] [MY-010119] [Server] Aborting
2025-05-12T04:14:21.660924Z 0 [System] [MY-010910] [Server] /usr/sbin/mysqld: Shutdown complete (mysqld 8.0.42)  MySQL Community Server - GPL.
2025-05-12T04:14:24.184710Z 0 [Warning] [MY-011068] [Server] The syntax '--skip-host-cache' is deprecated and will be removed in a future release. Please use SET GLOBAL host_cache_size=0 instead.
2025-05-12T04:14:24.184743Z 0 [Warning] [MY-011069] [Server] The syntax '--character-set-client-handshake' is deprecated and will be removed in a future release.
2025-05-12T04:14:24.184942Z 0 [System] [MY-013169] [Server] /usr/sbin/mysqld (mysqld 8.0.42) initializing of server in progress as process 79
2025-05-12T04:14:24.187271Z 0 [ERROR] [MY-010457] [Server] --initialize specified but the data directory has files in it. Aborting.
2025-05-12T04:14:24.187354Z 0 [ERROR] [MY-013236] [Server] The designated data directory /var/lib/mysql/ is unusable. You can remove all files that the server added to it.
2025-05-12T04:14:24.187464Z 0 [ERROR] [MY-010119] [Server] Aborting
2025-05-12T04:14:24.187876Z 0 [System] [MY-010910] [Server] /usr/sbin/mysqld: Shutdown complete (mysqld 8.0.42)  MySQL Community Server - GPL.
2025-05-12T04:14:26.880276Z 0 [Warning] [MY-011068] [Server] The syntax '--skip-host-cache' is deprecated and will be removed in a future release. Please use SET GLOBAL host_cache_size=0 instead.
2025-05-12T04:14:26.880348Z 0 [Warning] [MY-011069] [Server] The syntax '--character-set-client-handshake' is deprecated and will be removed in a future release.
2025-05-12T04:14:26.880562Z 0 [System] [MY-013169] [Server] /usr/sbin/mysqld (mysqld 8.0.42) initializing of server in progress as process 78
2025-05-12T04:14:26.882948Z 0 [ERROR] [MY-010457] [Server] --initialize specified but the data directory has files in it. Aborting.
2025-05-12T04:14:26.883009Z 0 [ERROR] [MY-013236] [Server] The designated data directory /var/lib/mysql/ is unusable. You can remove all files that the server added to it.
2025-05-12T04:14:26.883130Z 0 [ERROR] [MY-010119] [Server] Aborting
2025-05-12T04:14:26.883428Z 0 [System] [MY-010910] [Server] /usr/sbin/mysqld: Shutdown complete (mysqld 8.0.42)  MySQL Community Server - GPL.
2025-05-12T04:14:29.650289Z 0 [Warning] [MY-011068] [Server] The syntax '--skip-host-cache' is deprecated and will be removed in a future release. Please use SET GLOBAL host_cache_size=0 instead.
2025-05-12T04:14:29.650599Z 0 [Warning] [MY-011069] [Server] The syntax '--character-set-client-handshake' is deprecated and will be removed in a future release.
2025-05-12T04:14:29.650938Z 0 [System] [MY-013169] [Server] /usr/sbin/mysqld (mysqld 8.0.42) initializing of server in progress as process 79
2025-05-12T04:14:29.654165Z 0 [ERROR] [MY-010457] [Server] --initialize specified but the data directory has files in it. Aborting.
2025-05-12T04:14:29.654236Z 0 [ERROR] [MY-013236] [Server] The designated data directory /var/lib/mysql/ is unusable. You can remove all files that the server added to it.
2025-05-12T04:14:29.654400Z 0 [ERROR] [MY-010119] [Server] Aborting
2025-05-12T04:14:29.654700Z 0 [System] [MY-010910] [Server] /usr/sbin/mysqld: Shutdown complete (mysqld 8.0.42)  MySQL Community Server - GPL.
2025-05-12T04:14:32.452173Z 0 [Warning] [MY-011068] [Server] The syntax '--skip-host-cache' is deprecated and will be removed in a future release. Please use SET GLOBAL host_cache_size=0 instead.
2025-05-12T04:14:32.452205Z 0 [Warning] [MY-011069] [Server] The syntax '--character-set-client-handshake' is deprecated and will be removed in a future release.
2025-05-12T04:14:32.452411Z 0 [System] [MY-013169] [Server] /usr/sbin/mysqld (mysqld 8.0.42) initializing of server in progress as process 79
2025-05-12T04:14:32.455267Z 0 [ERROR] [MY-010457] [Server] --initialize specified but the data directory has files in it. Aborting.
2025-05-12T04:14:32.455365Z 0 [ERROR] [MY-013236] [Server] The designated data directory /var/lib/mysql/ is unusable. You can remove all files that the server added to it.
2025-05-12T04:14:32.455476Z 0 [ERROR] [MY-010119] [Server] Aborting
2025-05-12T04:14:32.455728Z 0 [System] [MY-010910] [Server] /usr/sbin/mysqld: Shutdown complete (mysqld 8.0.42)  MySQL Community Server - GPL.
2025-05-12T04:14:36.798053Z 0 [Warning] [MY-011068] [Server] The syntax '--skip-host-cache' is deprecated and will be removed in a future release. Please use SET GLOBAL host_cache_size=0 instead.
2025-05-12T04:14:36.798086Z 0 [Warning] [MY-011069] [Server] The syntax '--character-set-client-handshake' is deprecated and will be removed in a future release.
2025-05-12T04:14:36.798284Z 0 [System] [MY-013169] [Server] /usr/sbin/mysqld (mysqld 8.0.42) initializing of server in progress as process 79
2025-05-12T04:14:36.800583Z 0 [ERROR] [MY-010457] [Server] --initialize specified but the data directory has files in it. Aborting.
2025-05-12T04:14:36.800639Z 0 [ERROR] [MY-013236] [Server] The designated data directory /var/lib/mysql/ is unusable. You can remove all files that the server added to it.
2025-05-12T04:14:36.800751Z 0 [ERROR] [MY-010119] [Server] Aborting
2025-05-12T04:14:36.800983Z 0 [System] [MY-010910] [Server] /usr/sbin/mysqld: Shutdown complete (mysqld 8.0.42)  MySQL Community Server - GPL.
2025-05-12T04:14:44.384976Z 0 [Warning] [MY-011068] [Server] The syntax '--skip-host-cache' is deprecated and will be removed in a future release. Please use SET GLOBAL host_cache_size=0 instead.
2025-05-12T04:14:44.385011Z 0 [Warning] [MY-011069] [Server] The syntax '--character-set-client-handshake' is deprecated and will be removed in a future release.
2025-05-12T04:14:44.385221Z 0 [System] [MY-013169] [Server] /usr/sbin/mysqld (mysqld 8.0.42) initializing of server in progress as process 79
2025-05-12T04:14:44.387733Z 0 [ERROR] [MY-010457] [Server] --initialize specified but the data directory has files in it. Aborting.
2025-05-12T04:14:44.387799Z 0 [ERROR] [MY-013236] [Server] The designated data directory /var/lib/mysql/ is unusable. You can remove all files that the server added to it.
2025-05-12T04:14:44.387905Z 0 [ERROR] [MY-010119] [Server] Aborting
2025-05-12T04:14:44.388151Z 0 [System] [MY-010910] [Server] /usr/sbin/mysqld: Shutdown complete (mysqld 8.0.42)  MySQL Community Server - GPL.
2025-05-12T04:14:58.335984Z 0 [Warning] [MY-011068] [Server] The syntax '--skip-host-cache' is deprecated and will be removed in a future release. Please use SET GLOBAL host_cache_size=0 instead.
2025-05-12T04:14:58.336020Z 0 [Warning] [MY-011069] [Server] The syntax '--character-set-client-handshake' is deprecated and will be removed in a future release.
2025-05-12T04:14:58.336236Z 0 [System] [MY-013169] [Server] /usr/sbin/mysqld (mysqld 8.0.42) initializing of server in progress as process 79
2025-05-12T04:14:58.338792Z 0 [ERROR] [MY-010457] [Server] --initialize specified but the data directory has files in it. Aborting.
2025-05-12T04:14:58.338855Z 0 [ERROR] [MY-013236] [Server] The designated data directory /var/lib/mysql/ is unusable. You can remove all files that the server added to it.
2025-05-12T04:14:58.338955Z 0 [ERROR] [MY-010119] [Server] Aborting
2025-05-12T04:14:58.339206Z 0 [System] [MY-010910] [Server] /usr/sbin/mysqld: Shutdown complete (mysqld 8.0.42)  MySQL Community Server - GPL.
2025-05-12T04:15:25.062110Z 0 [Warning] [MY-011068] [Server] The syntax '--skip-host-cache' is deprecated and will be removed in a future release. Please use SET GLOBAL host_cache_size=0 instead.
2025-05-12T04:15:25.062145Z 0 [Warning] [MY-011069] [Server] The syntax '--character-set-client-handshake' is deprecated and will be removed in a future release.
2025-05-12T04:15:25.062412Z 0 [System] [MY-013169] [Server] /usr/sbin/mysqld (mysqld 8.0.42) initializing of server in progress as process 79
2025-05-12T04:15:25.064708Z 0 [ERROR] [MY-010457] [Server] --initialize specified but the data directory has files in it. Aborting.
2025-05-12T04:15:25.064766Z 0 [ERROR] [MY-013236] [Server] The designated data directory /var/lib/mysql/ is unusable. You can remove all files that the server added to it.
2025-05-12T04:15:25.064862Z 0 [ERROR] [MY-010119] [Server] Aborting
2025-05-12T04:15:25.065094Z 0 [System] [MY-010910] [Server] /usr/sbin/mysqld: Shutdown complete (mysqld 8.0.42)  MySQL Community Server - GPL.
2025-05-12T04:16:17.458061Z 0 [Warning] [MY-011068] [Server] The syntax '--skip-host-cache' is deprecated and will be removed in a future release. Please use SET GLOBAL host_cache_size=0 instead.
2025-05-12T04:16:17.458097Z 0 [Warning] [MY-011069] [Server] The syntax '--character-set-client-handshake' is deprecated and will be removed in a future release.
2025-05-12T04:16:17.458297Z 0 [System] [MY-013169] [Server] /usr/sbin/mysqld (mysqld 8.0.42) initializing of server in progress as process 79
2025-05-12T04:16:17.460736Z 0 [ERROR] [MY-010457] [Server] --initialize specified but the data directory has files in it. Aborting.
2025-05-12T04:16:17.460799Z 0 [ERROR] [MY-013236] [Server] The designated data directory /var/lib/mysql/ is unusable. You can remove all files that the server added to it.
2025-05-12T04:16:17.460913Z 0 [ERROR] [MY-010119] [Server] Aborting
2025-05-12T04:16:17.461171Z 0 [System] [MY-010910] [Server] /usr/sbin/mysqld: Shutdown complete (mysqld 8.0.42)  MySQL Community Server - GPL.
2025-05-12T04:16:51.292256Z 0 [Warning] [MY-011068] [Server] The syntax '--skip-host-cache' is deprecated and will be removed in a future release. Please use SET GLOBAL host_cache_size=0 instead.
2025-05-12T04:16:51.292290Z 0 [Warning] [MY-011069] [Server] The syntax '--character-set-client-handshake' is deprecated and will be removed in a future release.
2025-05-12T04:16:51.292499Z 0 [System] [MY-013169] [Server] /usr/sbin/mysqld (mysqld 8.0.42) initializing of server in progress as process 79
2025-05-12T04:16:51.318656Z 1 [System] [MY-013576] [InnoDB] InnoDB initialization has started.
2025-05-12T04:16:52.640430Z 1 [System] [MY-013577] [InnoDB] InnoDB initialization has ended.
2025-05-12T04:16:55.281416Z 6 [Warning] [MY-010453] [Server] root@localhost is created with an empty password ! Please consider switching off the --initialize-insecure option.
2025-05-12T04:17:01.725849Z 0 [Warning] [MY-011068] [Server] The syntax '--skip-host-cache' is deprecated and will be removed in a future release. Please use SET GLOBAL host_cache_size=0 instead.
2025-05-12T04:17:01.725888Z 0 [Warning] [MY-011069] [Server] The syntax '--character-set-client-handshake' is deprecated and will be removed in a future release.
2025-05-12T04:17:01.734563Z 0 [System] [MY-010116] [Server] /usr/sbin/mysqld (mysqld 8.0.42) starting as process 121
2025-05-12T04:17:01.767906Z 1 [System] [MY-013576] [InnoDB] InnoDB initialization has started.
2025-05-12T04:17:02.409775Z 1 [System] [MY-013577] [InnoDB] InnoDB initialization has ended.
2025-05-12T04:17:02.871499Z 0 [Warning] [MY-010068] [Server] CA certificate ca.pem is self signed.
2025-05-12T04:17:02.871582Z 0 [System] [MY-013602] [Server] Channel mysql_main configured to support TLS. Encrypted connections are now supported for this channel.
2025-05-12T04:17:02.877057Z 0 [Warning] [MY-011810] [Server] Insecure configuration for --pid-file: Location '/var/run/mysqld' in the path is accessible to all OS users. Consider choosing a different directory.
2025-05-12T04:17:02.902331Z 0 [System] [MY-011323] [Server] X Plugin ready for connections. Socket: /var/run/mysqld/mysqlx.sock
2025-05-12T04:17:02.902422Z 0 [System] [MY-010931] [Server] /usr/sbin/mysqld: ready for connections. Version: '8.0.42'  socket: '/var/run/mysqld/mysqld.sock'  port: 0  MySQL Community Server - GPL.
2025-05-12T04:17:09.250073Z 14 [System] [MY-013172] [Server] Received SHUTDOWN from user root. Shutting down mysqld (Version: 8.0.42).
2025-05-12T04:17:11.103044Z 0 [System] [MY-010910] [Server] /usr/sbin/mysqld: Shutdown complete (mysqld 8.0.42)  MySQL Community Server - GPL.
2025-05-12T04:17:11.757681Z 0 [Warning] [MY-011068] [Server] The syntax '--skip-host-cache' is deprecated and will be removed in a future release. Please use SET GLOBAL host_cache_size=0 instead.
2025-05-12T04:17:11.757718Z 0 [Warning] [MY-011069] [Server] The syntax '--character-set-client-handshake' is deprecated and will be removed in a future release.
2025-05-12T04:17:11.761597Z 0 [System] [MY-010116] [Server] /usr/sbin/mysqld (mysqld 8.0.42) starting as process 1
2025-05-12T04:17:11.774151Z 1 [System] [MY-013576] [InnoDB] InnoDB initialization has started.
2025-05-12T04:17:12.624200Z 1 [System] [MY-013577] [InnoDB] InnoDB initialization has ended.
2025-05-12T04:17:12.991632Z 0 [Warning] [MY-010068] [Server] CA certificate ca.pem is self signed.
2025-05-12T04:17:12.991707Z 0 [System] [MY-013602] [Server] Channel mysql_main configured to support TLS. Encrypted connections are now supported for this channel.
2025-05-12T04:17:13.000841Z 0 [Warning] [MY-011810] [Server] Insecure configuration for --pid-file: Location '/var/run/mysqld' in the path is accessible to all OS users. Consider choosing a different directory.
2025-05-12T04:17:13.051247Z 0 [System] [MY-011323] [Server] X Plugin ready for connections. Bind-address: '::' port: 33060, socket: /var/run/mysqld/mysqlx.sock
2025-05-12T04:17:13.051498Z 0 [System] [MY-010931] [Server] /usr/sbin/mysqld: ready for connections. Version: '8.0.42'  socket: '/var/run/mysqld/mysqld.sock'  port: 3306  MySQL Community Server - GPL.
2025-05-12T04:24:41.353358Z 0 [System] [MY-013172] [Server] Received SHUTDOWN from user <via user signal>. Shutting down mysqld (Version: 8.0.42).
2025-05-12T04:24:42.604833Z 0 [System] [MY-010910] [Server] /usr/sbin/mysqld: Shutdown complete (mysqld 8.0.42)  MySQL Community Server - GPL.
2025-05-12T04:25:07.351896Z 0 [Warning] [MY-011068] [Server] The syntax '--skip-host-cache' is deprecated and will be removed in a future release. Please use SET GLOBAL host_cache_size=0 instead.
2025-05-12T04:25:07.351933Z 0 [Warning] [MY-011069] [Server] The syntax '--character-set-client-handshake' is deprecated and will be removed in a future release.
2025-05-12T04:25:07.352151Z 0 [System] [MY-013169] [Server] /usr/sbin/mysqld (mysqld 8.0.42) initializing of server in progress as process 79
2025-05-12T04:25:07.354528Z 0 [ERROR] [MY-010457] [Server] --initialize specified but the data directory has files in it. Aborting.
2025-05-12T04:25:07.354586Z 0 [ERROR] [MY-013236] [Server] The designated data directory /var/lib/mysql/ is unusable. You can remove all files that the server added to it.
2025-05-12T04:25:07.354681Z 0 [ERROR] [MY-010119] [Server] Aborting
2025-05-12T04:25:07.354942Z 0 [System] [MY-010910] [Server] /usr/sbin/mysqld: Shutdown complete (mysqld 8.0.42)  MySQL Community Server - GPL.
2025-05-12T04:25:08.592984Z 0 [Warning] [MY-011068] [Server] The syntax '--skip-host-cache' is deprecated and will be removed in a future release. Please use SET GLOBAL host_cache_size=0 instead.
2025-05-12T04:25:08.593018Z 0 [Warning] [MY-011069] [Server] The syntax '--character-set-client-handshake' is deprecated and will be removed in a future release.
2025-05-12T04:25:08.593209Z 0 [System] [MY-013169] [Server] /usr/sbin/mysqld (mysqld 8.0.42) initializing of server in progress as process 79
2025-05-12T04:25:08.595443Z 0 [ERROR] [MY-010457] [Server] --initialize specified but the data directory has files in it. Aborting.
2025-05-12T04:25:08.595497Z 0 [ERROR] [MY-013236] [Server] The designated data directory /var/lib/mysql/ is unusable. You can remove all files that the server added to it.
2025-05-12T04:25:08.595590Z 0 [ERROR] [MY-010119] [Server] Aborting
2025-05-12T04:25:08.595834Z 0 [System] [MY-010910] [Server] /usr/sbin/mysqld: Shutdown complete (mysqld 8.0.42)  MySQL Community Server - GPL.
2025-05-12T04:25:09.850919Z 0 [Warning] [MY-011068] [Server] The syntax '--skip-host-cache' is deprecated and will be removed in a future release. Please use SET GLOBAL host_cache_size=0 instead.
2025-05-12T04:25:09.850955Z 0 [Warning] [MY-011069] [Server] The syntax '--character-set-client-handshake' is deprecated and will be removed in a future release.
2025-05-12T04:25:09.851180Z 0 [System] [MY-013169] [Server] /usr/sbin/mysqld (mysqld 8.0.42) initializing of server in progress as process 78
2025-05-12T04:25:09.853560Z 0 [ERROR] [MY-010457] [Server] --initialize specified but the data directory has files in it. Aborting.
2025-05-12T04:25:09.853630Z 0 [ERROR] [MY-013236] [Server] The designated data directory /var/lib/mysql/ is unusable. You can remove all files that the server added to it.
2025-05-12T04:25:09.853736Z 0 [ERROR] [MY-010119] [Server] Aborting
2025-05-12T04:25:09.853990Z 0 [System] [MY-010910] [Server] /usr/sbin/mysqld: Shutdown complete (mysqld 8.0.42)  MySQL Community Server - GPL.
2025-05-12T04:25:11.365216Z 0 [Warning] [MY-011068] [Server] The syntax '--skip-host-cache' is deprecated and will be removed in a future release. Please use SET GLOBAL host_cache_size=0 instead.
2025-05-12T04:25:11.365252Z 0 [Warning] [MY-011069] [Server] The syntax '--character-set-client-handshake' is deprecated and will be removed in a future release.
2025-05-12T04:25:11.365516Z 0 [System] [MY-013169] [Server] /usr/sbin/mysqld (mysqld 8.0.42) initializing of server in progress as process 79
2025-05-12T04:25:11.368205Z 0 [ERROR] [MY-010457] [Server] --initialize specified but the data directory has files in it. Aborting.
2025-05-12T04:25:11.368276Z 0 [ERROR] [MY-013236] [Server] The designated data directory /var/lib/mysql/ is unusable. You can remove all files that the server added to it.
2025-05-12T04:25:11.368439Z 0 [ERROR] [MY-010119] [Server] Aborting
2025-05-12T04:25:11.368746Z 0 [System] [MY-010910] [Server] /usr/sbin/mysqld: Shutdown complete (mysqld 8.0.42)  MySQL Community Server - GPL.
2025-05-12T04:25:13.375633Z 0 [Warning] [MY-011068] [Server] The syntax '--skip-host-cache' is deprecated and will be removed in a future release. Please use SET GLOBAL host_cache_size=0 instead.
2025-05-12T04:25:13.375670Z 0 [Warning] [MY-011069] [Server] The syntax '--character-set-client-handshake' is deprecated and will be removed in a future release.
2025-05-12T04:25:13.375881Z 0 [System] [MY-013169] [Server] /usr/sbin/mysqld (mysqld 8.0.42) initializing of server in progress as process 80
2025-05-12T04:25:13.378141Z 0 [ERROR] [MY-010457] [Server] --initialize specified but the data directory has files in it. Aborting.
2025-05-12T04:25:13.378201Z 0 [ERROR] [MY-013236] [Server] The designated data directory /var/lib/mysql/ is unusable. You can remove all files that the server added to it.
2025-05-12T04:25:13.378297Z 0 [ERROR] [MY-010119] [Server] Aborting
2025-05-12T04:25:13.378593Z 0 [System] [MY-010910] [Server] /usr/sbin/mysqld: Shutdown complete (mysqld 8.0.42)  MySQL Community Server - GPL.
2025-05-12T04:25:16.113129Z 0 [Warning] [MY-011068] [Server] The syntax '--skip-host-cache' is deprecated and will be removed in a future release. Please use SET GLOBAL host_cache_size=0 instead.
2025-05-12T04:25:16.113165Z 0 [Warning] [MY-011069] [Server] The syntax '--character-set-client-handshake' is deprecated and will be removed in a future release.
2025-05-12T04:25:16.113411Z 0 [System] [MY-013169] [Server] /usr/sbin/mysqld (mysqld 8.0.42) initializing of server in progress as process 79
2025-05-12T04:25:16.115732Z 0 [ERROR] [MY-010457] [Server] --initialize specified but the data directory has files in it. Aborting.
2025-05-12T04:25:16.115789Z 0 [ERROR] [MY-013236] [Server] The designated data directory /var/lib/mysql/ is unusable. You can remove all files that the server added to it.
2025-05-12T04:25:16.115892Z 0 [ERROR] [MY-010119] [Server] Aborting
2025-05-12T04:25:16.116166Z 0 [System] [MY-010910] [Server] /usr/sbin/mysqld: Shutdown complete (mysqld 8.0.42)  MySQL Community Server - GPL.
2025-05-12T04:25:20.452951Z 0 [Warning] [MY-011068] [Server] The syntax '--skip-host-cache' is deprecated and will be removed in a future release. Please use SET GLOBAL host_cache_size=0 instead.
2025-05-12T04:25:20.452986Z 0 [Warning] [MY-011069] [Server] The syntax '--character-set-client-handshake' is deprecated and will be removed in a future release.
2025-05-12T04:25:20.453198Z 0 [System] [MY-013169] [Server] /usr/sbin/mysqld (mysqld 8.0.42) initializing of server in progress as process 78
2025-05-12T04:25:20.456188Z 0 [ERROR] [MY-010457] [Server] --initialize specified but the data directory has files in it. Aborting.
2025-05-12T04:25:20.456258Z 0 [ERROR] [MY-013236] [Server] The designated data directory /var/lib/mysql/ is unusable. You can remove all files that the server added to it.
2025-05-12T04:25:20.456430Z 0 [ERROR] [MY-010119] [Server] Aborting
2025-05-12T04:25:20.456728Z 0 [System] [MY-010910] [Server] /usr/sbin/mysqld: Shutdown complete (mysqld 8.0.42)  MySQL Community Server - GPL.
2025-05-12T04:25:28.525516Z 0 [Warning] [MY-011068] [Server] The syntax '--skip-host-cache' is deprecated and will be removed in a future release. Please use SET GLOBAL host_cache_size=0 instead.
2025-05-12T04:25:28.525569Z 0 [Warning] [MY-011069] [Server] The syntax '--character-set-client-handshake' is deprecated and will be removed in a future release.
2025-05-12T04:25:28.525909Z 0 [System] [MY-013169] [Server] /usr/sbin/mysqld (mysqld 8.0.42) initializing of server in progress as process 79
2025-05-12T04:25:28.531241Z 0 [ERROR] [MY-010457] [Server] --initialize specified but the data directory has files in it. Aborting.
2025-05-12T04:25:28.531367Z 0 [ERROR] [MY-013236] [Server] The designated data directory /var/lib/mysql/ is unusable. You can remove all files that the server added to it.
2025-05-12T04:25:28.531511Z 0 [ERROR] [MY-010119] [Server] Aborting
2025-05-12T04:25:28.531886Z 0 [System] [MY-010910] [Server] /usr/sbin/mysqld: Shutdown complete (mysqld 8.0.42)  MySQL Community Server - GPL.
2025-05-12T04:25:42.613768Z 0 [Warning] [MY-011068] [Server] The syntax '--skip-host-cache' is deprecated and will be removed in a future release. Please use SET GLOBAL host_cache_size=0 instead.
2025-05-12T04:25:42.613806Z 0 [Warning] [MY-011069] [Server] The syntax '--character-set-client-handshake' is deprecated and will be removed in a future release.
2025-05-12T04:25:42.614023Z 0 [System] [MY-013169] [Server] /usr/sbin/mysqld (mysqld 8.0.42) initializing of server in progress as process 79
2025-05-12T04:25:42.616454Z 0 [ERROR] [MY-010457] [Server] --initialize specified but the data directory has files in it. Aborting.
2025-05-12T04:25:42.616514Z 0 [ERROR] [MY-013236] [Server] The designated data directory /var/lib/mysql/ is unusable. You can remove all files that the server added to it.
2025-05-12T04:25:42.616617Z 0 [ERROR] [MY-010119] [Server] Aborting
2025-05-12T04:25:42.616899Z 0 [System] [MY-010910] [Server] /usr/sbin/mysqld: Shutdown complete (mysqld 8.0.42)  MySQL Community Server - GPL.
2025-05-12T04:26:09.334835Z 0 [Warning] [MY-011068] [Server] The syntax '--skip-host-cache' is deprecated and will be removed in a future release. Please use SET GLOBAL host_cache_size=0 instead.
2025-05-12T04:26:09.334871Z 0 [Warning] [MY-011069] [Server] The syntax '--character-set-client-handshake' is deprecated and will be removed in a future release.
2025-05-12T04:26:09.335083Z 0 [System] [MY-013169] [Server] /usr/sbin/mysqld (mysqld 8.0.42) initializing of server in progress as process 79
2025-05-12T04:26:09.337446Z 0 [ERROR] [MY-010457] [Server] --initialize specified but the data directory has files in it. Aborting.
2025-05-12T04:26:09.337506Z 0 [ERROR] [MY-013236] [Server] The designated data directory /var/lib/mysql/ is unusable. You can remove all files that the server added to it.
2025-05-12T04:26:09.337612Z 0 [ERROR] [MY-010119] [Server] Aborting
2025-05-12T04:26:09.337916Z 0 [System] [MY-010910] [Server] /usr/sbin/mysqld: Shutdown complete (mysqld 8.0.42)  MySQL Community Server - GPL.
2025-05-12T04:27:01.832354Z 0 [Warning] [MY-011068] [Server] The syntax '--skip-host-cache' is deprecated and will be removed in a future release. Please use SET GLOBAL host_cache_size=0 instead.
2025-05-12T04:27:01.832399Z 0 [Warning] [MY-011069] [Server] The syntax '--character-set-client-handshake' is deprecated and will be removed in a future release.
2025-05-12T04:27:01.832620Z 0 [System] [MY-013169] [Server] /usr/sbin/mysqld (mysqld 8.0.42) initializing of server in progress as process 79
2025-05-12T04:27:01.834851Z 0 [ERROR] [MY-010457] [Server] --initialize specified but the data directory has files in it. Aborting.
2025-05-12T04:27:01.834906Z 0 [ERROR] [MY-013236] [Server] The designated data directory /var/lib/mysql/ is unusable. You can remove all files that the server added to it.
2025-05-12T04:27:01.835002Z 0 [ERROR] [MY-010119] [Server] Aborting
2025-05-12T04:27:01.835247Z 0 [System] [MY-010910] [Server] /usr/sbin/mysqld: Shutdown complete (mysqld 8.0.42)  MySQL Community Server - GPL.
2025-05-12T04:27:58.317356Z 0 [Warning] [MY-011068] [Server] The syntax '--skip-host-cache' is deprecated and will be removed in a future release. Please use SET GLOBAL host_cache_size=0 instead.
2025-05-12T04:27:58.317400Z 0 [Warning] [MY-011069] [Server] The syntax '--character-set-client-handshake' is deprecated and will be removed in a future release.
2025-05-12T04:27:58.317644Z 0 [System] [MY-013169] [Server] /usr/sbin/mysqld (mysqld 8.0.42) initializing of server in progress as process 79
2025-05-12T04:27:58.342964Z 1 [System] [MY-013576] [InnoDB] InnoDB initialization has started.
2025-05-12T04:27:59.879185Z 1 [System] [MY-013577] [InnoDB] InnoDB initialization has ended.
2025-05-12T04:28:02.534782Z 6 [Warning] [MY-010453] [Server] root@localhost is created with an empty password ! Please consider switching off the --initialize-insecure option.
2025-05-12T04:28:09.166987Z 0 [Warning] [MY-011068] [Server] The syntax '--skip-host-cache' is deprecated and will be removed in a future release. Please use SET GLOBAL host_cache_size=0 instead.
2025-05-12T04:28:09.167024Z 0 [Warning] [MY-011069] [Server] The syntax '--character-set-client-handshake' is deprecated and will be removed in a future release.
2025-05-12T04:28:09.174888Z 0 [System] [MY-010116] [Server] /usr/sbin/mysqld (mysqld 8.0.42) starting as process 121
2025-05-12T04:28:09.212609Z 1 [System] [MY-013576] [InnoDB] InnoDB initialization has started.
2025-05-12T04:28:09.784558Z 1 [System] [MY-013577] [InnoDB] InnoDB initialization has ended.
2025-05-12T04:28:10.252481Z 0 [Warning] [MY-010068] [Server] CA certificate ca.pem is self signed.
2025-05-12T04:28:10.252560Z 0 [System] [MY-013602] [Server] Channel mysql_main configured to support TLS. Encrypted connections are now supported for this channel.
2025-05-12T04:28:10.259294Z 0 [Warning] [MY-011810] [Server] Insecure configuration for --pid-file: Location '/var/run/mysqld' in the path is accessible to all OS users. Consider choosing a different directory.
2025-05-12T04:28:10.289652Z 0 [System] [MY-011323] [Server] X Plugin ready for connections. Socket: /var/run/mysqld/mysqlx.sock
2025-05-12T04:28:10.289776Z 0 [System] [MY-010931] [Server] /usr/sbin/mysqld: ready for connections. Version: '8.0.42'  socket: '/var/run/mysqld/mysqld.sock'  port: 0  MySQL Community Server - GPL.
2025-05-12T04:28:16.835004Z 14 [System] [MY-013172] [Server] Received SHUTDOWN from user root. Shutting down mysqld (Version: 8.0.42).
2025-05-12T04:28:18.655712Z 0 [System] [MY-010910] [Server] /usr/sbin/mysqld: Shutdown complete (mysqld 8.0.42)  MySQL Community Server - GPL.
2025-05-12T04:28:19.253008Z 0 [Warning] [MY-011068] [Server] The syntax '--skip-host-cache' is deprecated and will be removed in a future release. Please use SET GLOBAL host_cache_size=0 instead.
2025-05-12T04:28:19.253048Z 0 [Warning] [MY-011069] [Server] The syntax '--character-set-client-handshake' is deprecated and will be removed in a future release.
2025-05-12T04:28:19.256460Z 0 [System] [MY-010116] [Server] /usr/sbin/mysqld (mysqld 8.0.42) starting as process 1
2025-05-12T04:28:19.269964Z 1 [System] [MY-013576] [InnoDB] InnoDB initialization has started.
2025-05-12T04:28:19.809277Z 1 [System] [MY-013577] [InnoDB] InnoDB initialization has ended.
2025-05-12T04:28:20.176866Z 0 [Warning] [MY-010068] [Server] CA certificate ca.pem is self signed.
2025-05-12T04:28:20.176957Z 0 [System] [MY-013602] [Server] Channel mysql_main configured to support TLS. Encrypted connections are now supported for this channel.
2025-05-12T04:28:20.184164Z 0 [Warning] [MY-011810] [Server] Insecure configuration for --pid-file: Location '/var/run/mysqld' in the path is accessible to all OS users. Consider choosing a different directory.
2025-05-12T04:28:20.249713Z 0 [System] [MY-011323] [Server] X Plugin ready for connections. Bind-address: '::' port: 33060, socket: /var/run/mysqld/mysqlx.sock
2025-05-12T04:28:20.249833Z 0 [System] [MY-010931] [Server] /usr/sbin/mysqld: ready for connections. Version: '8.0.42'  socket: '/var/run/mysqld/mysqld.sock'  port: 3306  MySQL Community Server - GPL.
2025-05-16T03:35:01.601124Z 0 [System] [MY-013172] [Server] Received SHUTDOWN from user <via user signal>. Shutting down mysqld (Version: 8.0.42).
2025-05-16T03:35:02.976936Z 0 [System] [MY-010910] [Server] /usr/sbin/mysqld: Shutdown complete (mysqld 8.0.42)  MySQL Community Server - GPL.
